TypeError: fetch failed
    at Object.processResponse (G:\xu\demo\舆情驱动的股票短线交易策略生成系统\node_modules\.pnpm\undici@7.24.8\node_modules\undici\lib\web\fetch\index.js:237:16)
    at G:\xu\demo\舆情驱动的股票短线交易策略生成系统\node_modules\.pnpm\undici@7.24.8\node_modules\undici\lib\web\fetch\index.js:1081:19
    at node:internal/process/task_queues:151:7
    at AsyncResource.runInAsyncScope (node:async_hooks:214:14)
    at AsyncResource.runMicrotask (node:internal/process/task_queues:148:8)
    at G:\xu\demo\舆情驱动的股票短线交易策略生成系统\node_modules\.pnpm\undici@7.24.8\node_modules\undici\index.js:157:7
    at async fetch5 (G:\xu\demo\舆情驱动的股票短线交易策略生成系统\node_modules\.pnpm\miniflare@4.20260515.0\node_modules\miniflare\dist\src\index.js:59000:20)
    at async _Miniflare.dispatchFetch (G:\xu\demo\舆情驱动的股票短线交易策略生成系统\node_modules\.pnpm\miniflare@4.20260515.0\node_modules\miniflare\dist\src\index.js:89442:22)
    at async CloudflareDevEnvironment.fetchWorkerExportTypes (file:///G:/xu/demo/%E8%88%86%E6%83%85%E9%A9%B1%E5%8A%A8%E7%9A%84%E8%82%A1%E7%A5%A8%E7%9F%AD%E7%BA%BF%E4%BA%A4%E6%98%93%E7%AD%96%E7%95%A5%E7%94%9F%E6%88%90%E7%B3%BB%E7%BB%9F/node_modules/.pnpm/@cloudflare+vite-plugin@1.3_5c0be2a73d430873cd2be02a8d828b3c/node_modules/@cloudflare/vite-plugin/dist/index.mjs:48436:17)
    at async file:///G:/xu/demo/%E8%88%86%E6%83%85%E9%A9%B1%E5%8A%A8%E7%9A%84%E8%82%A1%E7%A5%A8%E7%9F%AD%E7%BA%BF%E4%BA%A4%E6%98%93%E7%AD%96%E7%95%A5%E7%94%9F%E6%88%90%E7%B3%BB%E7%BB%9F/node_modules/.pnpm/@cloudflare+vite-plugin@1.3_5c0be2a73d430873cd2be02a8d828b3c/node_modules/@cloudflare/vite-plugin/dist/index.mjs:34321:23
    at async Promise.all (index 0)
    at async getCurrentWorkerNameToExportTypesMap (file:///G:/xu/demo/%E8%88%86%E6%83%85%E9%A9%B1%E5%8A%A8%E7%9A%84%E8%82%A1%E7%A5%A8%E7%9F%AD%E7%BA%BF%E4%BA%A4%E6%98%93%E7%AD%96%E7%95%A5%E7%94%9F%E6%88%90%E7%B3%BB%E7%BB%9F/node_modules/.pnpm/@cloudflare+vite-plugin@1.3_5c0be2a73d430873cd2be02a8d828b3c/node_modules/@cloudflare/vite-plugin/dist/index.mjs:34319:18)
    at async BasicMinimalPluginContext.configureServer (file:///G:/xu/demo/%E8%88%86%E6%83%85%E9%A9%B1%E5%8A%A8%E7%9A%84%E8%82%A1%E7%A5%A8%E7%9F%AD%E7%BA%BF%E4%BA%A4%E6%98%93%E7%AD%96%E7%95%A5%E7%94%9F%E6%88%90%E7%B3%BB%E7%BB%9F/node_modules/.pnpm/@cloudflare+vite-plugin@1.3_5c0be2a73d430873cd2be02a8d828b3c/node_modules/@cloudflare/vite-plugin/dist/index.mjs:52975:47)
    at async _createServer (file:///G:/xu/demo/%E8%88%86%E6%83%85%E9%A9%B1%E5%8A%A8%E7%9A%84%E8%82%A1%E7%A5%A8%E7%9F%AD%E7%BA%BF%E4%BA%A4%E6%98%93%E7%AD%96%E7%95%A5%E7%94%9F%E6%88%90%E7%B3%BB%E7%BB%9F/node_modules/.pnpm/vite@8.0.13_@types+node@22._ea24d39e3a43b35cb30e2692be2908a1/node_modules/vite/dist/node/chunks/node.js:26323:84)
    at async dev (file:///G:/xu/demo/%E8%88%86%E6%83%85%E9%A9%B1%E5%8A%A8%E7%9A%84%E8%82%A1%E7%A5%A8%E7%9F%AD%E7%BA%BF%E4%BA%A4%E6%98%93%E7%AD%96%E7%95%A5%E7%94%9F%E6%88%90%E7%B3%BB%E7%BB%9F/node_modules/.pnpm/vinext@1.0.0-beta.2_@vitejs_da3cfe910abc970e3c191cc73e58297e/node_modules/vinext/dist/cli.js:230:12) {
  [cause]: Error: read ECONNRESET
      at TCP.onStreamRead (node:internal/stream_base_commons:216:20) {
    errno: -4077,
    code: 'ECONNRESET',
    syscall: 'read'
  }
}
[2m17:34:54[22m [31m[1m[vite][22m[39m [31mInternal server error: fetch failed[39m
      at Object.processResponse (G:\xu\demo\舆情驱动的股票短线交易策略生成系统\node_modules\.pnpm\undici@7.24.8\node_modules\undici\lib\web\fetch\index.js:237:16)
      at G:\xu\demo\舆情驱动的股票短线交易策略生成系统\node_modules\.pnpm\undici@7.24.8\node_modules\undici\lib\web\fetch\index.js:1081:19
      at node:internal/process/task_queues:151:7
      at AsyncResource.runInAsyncScope (node:async_hooks:214:14)
      at AsyncResource.runMicrotask (node:internal/process/task_queues:148:8)
      at process.processTicksAndRejections (node:internal/process/task_queues:105:5)
      at G:\xu\demo\舆情驱动的股票短线交易策略生成系统\node_modules\.pnpm\undici@7.24.8\node_modules\undici\index.js:157:7
      at process.processTicksAndRejections (node:internal/process/task_queues:105:5)
      at async fetch5 (G:\xu\demo\舆情驱动的股票短线交易策略生成系统\node_modules\.pnpm\miniflare@4.20260515.0\node_modules\miniflare\dist\src\index.js:59000:20)
      at async _Miniflare.dispatchFetch (G:\xu\demo\舆情驱动的股票短线交易策略生成系统\node_modules\.pnpm\miniflare@4.20260515.0\node_modules\miniflare\dist\src\index.js:89442:22)
      at async file:///G:/xu/demo/%E8%88%86%E6%83%85%E9%A9%B1%E5%8A%A8%E7%9A%84%E8%82%A1%E7%A5%A8%E7%9F%AD%E7%BA%BF%E4%BA%A4%E6%98%93%E7%AD%96%E7%95%A5%E7%94%9F%E6%88%90%E7%B3%BB%E7%BB%9F/node_modules/.pnpm/@cloudflare+vite-plugin@1.3_5c0be2a73d430873cd2be02a8d828b3c/node_modules/@cloudflare/vite-plugin/dist/index.mjs:34226:19
[2m17:34:54[22m [31m[1m[vite][22m[39m [31m[2m(client)[22m[39m [2m[console.error] [22m[vite] Internal Server Error
fetch failed
    at Object.processResponse (G:\xu\demo\舆情驱动的股票短线交易策略生成系统\node_modules\.pnpm\undici@7.24.8\node_modules\undici\lib\web\fetch\index.js:237:16)
    at G:\xu\demo\舆情驱动的股票短线交易策略生成系统\node_modules\.pnpm\undici@7.24.8\node_modules\undici\lib\web\fetch\index.js:1081:19
    at node:internal/process/task_queues:151:7
    at AsyncResource.runInAsyncScope (node:async_hooks:214:14)
    at AsyncResource.runMicrotask (node:internal/process/task_queues:148:8)
    at process.processTicksAndRejections (node:internal/process/task_queues:105:5)
    at G:\xu\demo\舆情驱动的股票短线交易策略生成系统\node_modules\.pnpm\undici@7.24.8\node_modules\undici\index.js:157:7
    at process.processTicksAndRejections (node:internal/process/task_queues:105:5)
    at async fetch5 (G:\xu\demo\舆情驱动的股票短线交易策略生成系统\node_modules\.pnpm\miniflare@4.20260515.0\node_modules\miniflare\dist\src\index.js:59000:20)
    at async _Miniflare.dispatchFetch (G:\xu\demo\舆情驱动的股票短线交易策略生成系统\node_modules\.pnpm\miniflare@4.20260515.0\node_modules\miniflare\dist\src\index.js:89442:22)
    at async file:///G:/xu/demo/%E8%88%86%E6%83%85%E9%A9%B1%E5%8A%A8%E7%9A%84%E8%82%A1%E7%A5%A8%E7%9F%AD%E7%BA%BF%E4%BA%A4%E6%98%93%E7%AD%96%E7%95%A5%E7%94%9F%E6%88%90%E7%B3%BB%E7%BB%9F/node_modules/.pnpm/@cloudflare+vite-plugin@1.3_5c0be2a73d430873cd2be02a8d828b3c/node_modules/@cloudflare/vite-plugin/dist/index.mjs:34226:19
[2m17:34:54[22m [31m[1m[vite][22m[39m [31mInternal server error: fetch failed[39m
      at Object.processResponse (G:\xu\demo\舆情驱动的股票短线交易策略生成系统\node_modules\.pnpm\undici@7.24.8\node_modules\undici\lib\web\fetch\index.js:237:16)
      at G:\xu\demo\舆情驱动的股票短线交易策略生成系统\node_modules\.pnpm\undici@7.24.8\node_modules\undici\lib\web\fetch\index.js:1081:19
      at node:internal/process/task_queues:151:7
      at AsyncResource.runInAsyncScope (node:async_hooks:214:14)
      at AsyncResource.runMicrotask (node:internal/process/task_queues:148:8)
      at process.processTicksAndRejections (node:internal/process/task_queues:105:5)
      at G:\xu\demo\舆情驱动的股票短线交易策略生成系统\node_modules\.pnpm\undici@7.24.8\node_modules\undici\index.js:157:7
      at process.processTicksAndRejections (node:internal/process/task_queues:105:5)
      at async fetch5 (G:\xu\demo\舆情驱动的股票短线交易策略生成系统\node_modules\.pnpm\miniflare@4.20260515.0\node_modules\miniflare\dist\src\index.js:59000:20)
      at async _Miniflare.dispatchFetch (G:\xu\demo\舆情驱动的股票短线交易策略生成系统\node_modules\.pnpm\miniflare@4.20260515.0\node_modules\miniflare\dist\src\index.js:89442:22)
      at async file:///G:/xu/demo/%E8%88%86%E6%83%85%E9%A9%B1%E5%8A%A8%E7%9A%84%E8%82%A1%E7%A5%A8%E7%9F%AD%E7%BA%BF%E4%BA%A4%E6%98%93%E7%AD%96%E7%95%A5%E7%94%9F%E6%88%90%E7%B3%BB%E7%BB%9F/node_modules/.pnpm/@cloudflare+vite-plugin@1.3_5c0be2a73d430873cd2be02a8d828b3c/node_modules/@cloudflare/vite-plugin/dist/index.mjs:34226:19
[2m17:34:54[22m [31m[1m[vite][22m[39m [31mInternal server error: fetch failed[39m
      at Object.processResponse (G:\xu\demo\舆情驱动的股票短线交易策略生成系统\node_modules\.pnpm\undici@7.24.8\node_modules\undici\lib\web\fetch\index.js:237:16)
      at G:\xu\demo\舆情驱动的股票短线交易策略生成系统\node_modules\.pnpm\undici@7.24.8\node_modules\undici\lib\web\fetch\index.js:1081:19
      at node:internal/process/task_queues:151:7
      at AsyncResource.runInAsyncScope (node:async_hooks:214:14)
      at AsyncResource.runMicrotask (node:internal/process/task_queues:148:8)
      at process.processTicksAndRejections (node:internal/process/task_queues:105:5)
      at G:\xu\demo\舆情驱动的股票短线交易策略生成系统\node_modules\.pnpm\undici@7.24.8\node_modules\undici\index.js:157:7
      at process.processTicksAndRejections (node:internal/process/task_queues:105:5)
      at async fetch5 (G:\xu\demo\舆情驱动的股票短线交易策略生成系统\node_modules\.pnpm\miniflare@4.20260515.0\node_modules\miniflare\dist\src\index.js:59000:20)
      at async _Miniflare.dispatchFetch (G:\xu\demo\舆情驱动的股票短线交易策略生成系统\node_modules\.pnpm\miniflare@4.20260515.0\node_modules\miniflare\dist\src\index.js:89442:22)
      at async file:///G:/xu/demo/%E8%88%86%E6%83%85%E9%A9%B1%E5%8A%A8%E7%9A%84%E8%82%A1%E7%A5%A8%E7%9F%AD%E7%BA%BF%E4%BA%A4%E6%98%93%E7%AD%96%E7%95%A5%E7%94%9F%E6%88%90%E7%B3%BB%E7%BB%9F/node_modules/.pnpm/@cloudflare+vite-plugin@1.3_5c0be2a73d430873cd2be02a8d828b3c/node_modules/@cloudflare/vite-plugin/dist/index.mjs:34226:19
[2m17:34:54[22m [31m[1m[vite][22m[39m [31m[2m(client)[22m[39m [2m[console.error] [22m[vite] Internal Server Error
fetch failed
    at Object.processResponse (G:\xu\demo\舆情驱动的股票短线交易策略生成系统\node_modules\.pnpm\undici@7.24.8\node_modules\undici\lib\web\fetch\index.js:237:16)
    at G:\xu\demo\舆情驱动的股票短线交易策略生成系统\node_modules\.pnpm\undici@7.24.8\node_modules\undici\lib\web\fetch\index.js:1081:19
    at node:internal/process/task_queues:151:7
    at AsyncResource.runInAsyncScope (node:async_hooks:214:14)
    at AsyncResource.runMicrotask (node:internal/process/task_queues:148:8)
    at process.processTicksAndRejections (node:internal/process/task_queues:105:5)
    at G:\xu\demo\舆情驱动的股票短线交易策略生成系统\node_modules\.pnpm\undici@7.24.8\node_modules\undici\index.js:157:7
    at process.processTicksAndRejections (node:internal/process/task_queues:105:5)
    at async fetch5 (G:\xu\demo\舆情驱动的股票短线交易策略生成系统\node_modules\.pnpm\miniflare@4.20260515.0\node_modules\miniflare\dist\src\index.js:59000:20)
    at async _Miniflare.dispatchFetch (G:\xu\demo\舆情驱动的股票短线交易策略生成系统\node_modules\.pnpm\miniflare@4.20260515.0\node_modules\miniflare\dist\src\index.js:89442:22)
    at async file:///G:/xu/demo/%E8%88%86%E6%83%85%E9%A9%B1%E5%8A%A8%E7%9A%84%E8%82%A1%E7%A5%A8%E7%9F%AD%E7%BA%BF%E4%BA%A4%E6%98%93%E7%AD%96%E7%95%A5%E7%94%9F%E6%88%90%E7%B3%BB%E7%BB%9F/node_modules/.pnpm/@cloudflare+vite-plugin@1.3_5c0be2a73d430873cd2be02a8d828b3c/node_modules/@cloudflare/vite-plugin/dist/index.mjs:34226:19
[2m18:11:10[22m [31m[1m[vite][22m[39m [31mInternal server error: fetch failed[39m
      at Object.processResponse (G:\xu\demo\舆情驱动的股票短线交易策略生成系统\node_modules\.pnpm\undici@7.24.8\node_modules\undici\lib\web\fetch\index.js:237:16)
      at G:\xu\demo\舆情驱动的股票短线交易策略生成系统\node_modules\.pnpm\undici@7.24.8\node_modules\undici\lib\web\fetch\index.js:1081:19
      at node:internal/process/task_queues:151:7
      at AsyncResource.runInAsyncScope (node:async_hooks:214:14)
      at AsyncResource.runMicrotask (node:internal/process/task_queues:148:8)
      at process.processTicksAndRejections (node:internal/process/task_queues:105:5)
      at G:\xu\demo\舆情驱动的股票短线交易策略生成系统\node_modules\.pnpm\undici@7.24.8\node_modules\undici\index.js:157:7
      at process.processTicksAndRejections (node:internal/process/task_queues:105:5)
      at async fetch5 (G:\xu\demo\舆情驱动的股票短线交易策略生成系统\node_modules\.pnpm\miniflare@4.20260515.0\node_modules\miniflare\dist\src\index.js:59000:20)
      at async _Miniflare.dispatchFetch (G:\xu\demo\舆情驱动的股票短线交易策略生成系统\node_modules\.pnpm\miniflare@4.20260515.0\node_modules\miniflare\dist\src\index.js:89442:22)
      at async file:///G:/xu/demo/%E8%88%86%E6%83%85%E9%A9%B1%E5%8A%A8%E7%9A%84%E8%82%A1%E7%A5%A8%E7%9F%AD%E7%BA%BF%E4%BA%A4%E6%98%93%E7%AD%96%E7%95%A5%E7%94%9F%E6%88%90%E7%B3%BB%E7%BB%9F/node_modules/.pnpm/@cloudflare+vite-plugin@1.3_5c0be2a73d430873cd2be02a8d828b3c/node_modules/@cloudflare/vite-plugin/dist/index.mjs:34226:19
[2m18:11:10[22m [31m[1m[vite][22m[39m [31m[2m(client)[22m[39m [2m[console.error] [22m[vite] Internal Server Error
fetch failed
    at Object.processResponse (G:\xu\demo\舆情驱动的股票短线交易策略生成系统\node_modules\.pnpm\undici@7.24.8\node_modules\undici\lib\web\fetch\index.js:237:16)
    at G:\xu\demo\舆情驱动的股票短线交易策略生成系统\node_modules\.pnpm\undici@7.24.8\node_modules\undici\lib\web\fetch\index.js:1081:19
    at node:internal/process/task_queues:151:7
    at AsyncResource.runInAsyncScope (node:async_hooks:214:14)
    at AsyncResource.runMicrotask (node:internal/process/task_queues:148:8)
    at process.processTicksAndRejections (node:internal/process/task_queues:105:5)
    at G:\xu\demo\舆情驱动的股票短线交易策略生成系统\node_modules\.pnpm\undici@7.24.8\node_modules\undici\index.js:157:7
    at process.processTicksAndRejections (node:internal/process/task_queues:105:5)
    at async fetch5 (G:\xu\demo\舆情驱动的股票短线交易策略生成系统\node_modules\.pnpm\miniflare@4.20260515.0\node_modules\miniflare\dist\src\index.js:59000:20)
    at async _Miniflare.dispatchFetch (G:\xu\demo\舆情驱动的股票短线交易策略生成系统\node_modules\.pnpm\miniflare@4.20260515.0\node_modules\miniflare\dist\src\index.js:89442:22)
    at async file:///G:/xu/demo/%E8%88%86%E6%83%85%E9%A9%B1%E5%8A%A8%E7%9A%84%E8%82%A1%E7%A5%A8%E7%9F%AD%E7%BA%BF%E4%BA%A4%E6%98%93%E7%AD%96%E7%95%A5%E7%94%9F%E6%88%90%E7%B3%BB%E7%BB%9F/node_modules/.pnpm/@cloudflare+vite-plugin@1.3_5c0be2a73d430873cd2be02a8d828b3c/node_modules/@cloudflare/vite-plugin/dist/index.mjs:34226:19
[2m18:11:10[22m [31m[1m[vite][22m[39m [31mInternal server error: fetch failed[39m
      at Object.processResponse (G:\xu\demo\舆情驱动的股票短线交易策略生成系统\node_modules\.pnpm\undici@7.24.8\node_modules\undici\lib\web\fetch\index.js:237:16)
      at G:\xu\demo\舆情驱动的股票短线交易策略生成系统\node_modules\.pnpm\undici@7.24.8\node_modules\undici\lib\web\fetch\index.js:1081:19
      at node:internal/process/task_queues:151:7
      at AsyncResource.runInAsyncScope (node:async_hooks:214:14)
      at AsyncResource.runMicrotask (node:internal/process/task_queues:148:8)
      at process.processTicksAndRejections (node:internal/process/task_queues:105:5)
      at G:\xu\demo\舆情驱动的股票短线交易策略生成系统\node_modules\.pnpm\undici@7.24.8\node_modules\undici\index.js:157:7
      at process.processTicksAndRejections (node:internal/process/task_queues:105:5)
      at async fetch5 (G:\xu\demo\舆情驱动的股票短线交易策略生成系统\node_modules\.pnpm\miniflare@4.20260515.0\node_modules\miniflare\dist\src\index.js:59000:20)
      at async _Miniflare.dispatchFetch (G:\xu\demo\舆情驱动的股票短线交易策略生成系统\node_modules\.pnpm\miniflare@4.20260515.0\node_modules\miniflare\dist\src\index.js:89442:22)
      at async file:///G:/xu/demo/%E8%88%86%E6%83%85%E9%A9%B1%E5%8A%A8%E7%9A%84%E8%82%A1%E7%A5%A8%E7%9F%AD%E7%BA%BF%E4%BA%A4%E6%98%93%E7%AD%96%E7%95%A5%E7%94%9F%E6%88%90%E7%B3%BB%E7%BB%9F/node_modules/.pnpm/@cloudflare+vite-plugin@1.3_5c0be2a73d430873cd2be02a8d828b3c/node_modules/@cloudflare/vite-plugin/dist/index.mjs:34226:19
[2m18:11:10[22m [31m[1m[vite][22m[39m [31m[2m(client)[22m[39m [2m[console.error] [22m[vite] Internal Server Error
fetch failed
    at Object.processResponse (G:\xu\demo\舆情驱动的股票短线交易策略生成系统\node_modules\.pnpm\undici@7.24.8\node_modules\undici\lib\web\fetch\index.js:237:16)
    at G:\xu\demo\舆情驱动的股票短线交易策略生成系统\node_modules\.pnpm\undici@7.24.8\node_modules\undici\lib\web\fetch\index.js:1081:19
    at node:internal/process/task_queues:151:7
    at AsyncResource.runInAsyncScope (node:async_hooks:214:14)
    at AsyncResource.runMicrotask (node:internal/process/task_queues:148:8)
    at process.processTicksAndRejections (node:internal/process/task_queues:105:5)
    at G:\xu\demo\舆情驱动的股票短线交易策略生成系统\node_modules\.pnpm\undici@7.24.8\node_modules\undici\index.js:157:7
    at process.processTicksAndRejections (node:internal/process/task_queues:105:5)
    at async fetch5 (G:\xu\demo\舆情驱动的股票短线交易策略生成系统\node_modules\.pnpm\miniflare@4.20260515.0\node_modules\miniflare\dist\src\index.js:59000:20)
    at async _Miniflare.dispatchFetch (G:\xu\demo\舆情驱动的股票短线交易策略生成系统\node_modules\.pnpm\miniflare@4.20260515.0\node_modules\miniflare\dist\src\index.js:89442:22)
    at async file:///G:/xu/demo/%E8%88%86%E6%83%85%E9%A9%B1%E5%8A%A8%E7%9A%84%E8%82%A1%E7%A5%A8%E7%9F%AD%E7%BA%BF%E4%BA%A4%E6%98%93%E7%AD%96%E7%95%A5%E7%94%9F%E6%88%90%E7%B3%BB%E7%BB%9F/node_modules/.pnpm/@cloudflare+vite-plugin@1.3_5c0be2a73d430873cd2be02a8d828b3c/node_modules/@cloudflare/vite-plugin/dist/index.mjs:34226:19
